[     123ms] [INFO] %cDownload the React DevTools for a better development experience: https://react.dev/link/react-devtools font-weight:bold @ http://localhost:3000/_next/static/chunks/0nfi_next_dist_0web03n._.js:2477
[     147ms] [LOG] [HMR] connected @ http://localhost:3000/_next/static/chunks/0nfi_next_dist_0web03n._.js:2477
[   84529ms] [LOG] [Fast Refresh] rebuilding @ http://localhost:3000/_next/static/chunks/0nfi_next_dist_0web03n._.js:2477
[   84629ms] [LOG] [Fast Refresh] done in 194ms @ http://localhost:3000/_next/static/chunks/0nfi_next_dist_0web03n._.js:2477
[   84741ms] [LOG] [Fast Refresh] rebuilding @ http://localhost:3000/_next/static/chunks/0nfi_next_dist_0web03n._.js:2477
[   84846ms] [LOG] [Fast Refresh] done in 217ms @ http://localhost:3000/_next/static/chunks/0nfi_next_dist_0web03n._.js:2477
[   85020ms] [LOG] [Fast Refresh] rebuilding @ http://localhost:3000/_next/static/chunks/0nfi_next_dist_0web03n._.js:2477
[   85144ms] [LOG] [Fast Refresh] done in 235ms @ http://localhost:3000/_next/static/chunks/0nfi_next_dist_0web03n._.js:2477
[   98628ms] [LOG] [Fast Refresh] rebuilding @ http://localhost:3000/_next/static/chunks/0nfi_next_dist_0web03n._.js:2477
[  100195ms] [LOG] [Fast Refresh] done in 1669ms @ http://localhost:3000/_next/static/chunks/0nfi_next_dist_0web03n._.js:2477
[  100354ms] [LOG] [Fast Refresh] rebuilding @ http://localhost:3000/_next/static/chunks/0nfi_next_dist_0web03n._.js:2477
[  100461ms] [LOG] [Fast Refresh] done in 218ms @ http://localhost:3000/_next/static/chunks/0nfi_next_dist_0web03n._.js:2477
[  100624ms] [LOG] [Fast Refresh] rebuilding @ http://localhost:3000/_next/static/chunks/0nfi_next_dist_0web03n._.js:2477
[  100662ms] [LOG] [Fast Refresh] done in 150ms @ http://localhost:3000/_next/static/chunks/0nfi_next_dist_0web03n._.js:2477
[  100853ms] [LOG] [Fast Refresh] rebuilding @ http://localhost:3000/_next/static/chunks/0nfi_next_dist_0web03n._.js:2477
[  100858ms] [LOG] [Fast Refresh] done in 110ms @ http://localhost:3000/_next/static/chunks/0nfi_next_dist_0web03n._.js:2477
[  101127ms] [INFO] %cDownload the React DevTools for a better development experience: https://react.dev/link/react-devtools font-weight:bold @ http://localhost:3000/_next/static/chunks/0nfi_next_dist_0web03n._.js:2477
[  101144ms] [LOG] [HMR] connected @ http://localhost:3000/_next/static/chunks/0nfi_next_dist_0web03n._.js:2477
[  104193ms] [WARNING] The resource http://localhost:3000/_next/static/media/fba5a26ea33df6a3-s.p.0eehd8tgys7nv.woff2 was preloaded using link preload but not used within a few seconds from the window's load event. Please make sure it has an appropriate `as` value and it is preloaded intentionally. @ http://localhost:3000/:0
[  106344ms] [LOG] [Fast Refresh] rebuilding @ http://localhost:3000/_next/static/chunks/0nfi_next_dist_0web03n._.js:2477
[  106457ms] [LOG] [Fast Refresh] done in 193ms @ http://localhost:3000/_next/static/chunks/0nfi_next_dist_0web03n._.js:2477
[  113091ms] [LOG] [Fast Refresh] rebuilding @ http://localhost:3000/_next/static/chunks/0nfi_next_dist_0web03n._.js:2477
[  113196ms] [LOG] [Fast Refresh] done in 150ms @ http://localhost:3000/_next/static/chunks/0nfi_next_dist_0web03n._.js:2477
[  113313ms] [LOG] [Fast Refresh] rebuilding @ http://localhost:3000/_next/static/chunks/0nfi_next_dist_0web03n._.js:2477
[  113598ms] [LOG] [Fast Refresh] done in 394ms @ http://localhost:3000/_next/static/chunks/0nfi_next_dist_0web03n._.js:2477
[  113858ms] [LOG] [Fast Refresh] rebuilding @ http://localhost:3000/_next/static/chunks/0nfi_next_dist_0web03n._.js:2477
[  113905ms] [LOG] [Fast Refresh] done in 150ms @ http://localhost:3000/_next/static/chunks/0nfi_next_dist_0web03n._.js:2477
